101st_aux_mod\addons\dba_weapons\effects\data\muzzleflash_pistol_green_front_ca.png
101st_aux_mod\addons\dba_weapons\effects\data\muzzleflash_pistol_green_side_ca.png
101st_aux_mod\addons\dba_weapons\effects\data\muzzleflash_pistol_purple_front_ca.png
101st_aux_mod\addons\dba_weapons\effects\data\muzzleflash_pistol_purple_side_ca.png
101st_aux_mod\addons\dba_weapons\pistols\data\a180_reticle_b_ca.png
101st_aux_mod\addons\dba_weapons\pistols\data\westar_reticle_b_ca.png
101st_aux_mod\addons\dba_weapons\empireeraweapons\a280\body_as.png
101st_aux_mod\addons\dba_weapons\empireeraweapons\a280\body_ca.png
101st_aux_mod\addons\dba_weapons\empireeraweapons\a280\body_co.png
101st_aux_mod\addons\dba_weapons\empireeraweapons\a280\body_nohq.png
101st_aux_mod\addons\dba_weapons\empireeraweapons\a280\body_smdi.png
101st_aux_mod\addons\dba_weapons\empireeraweapons\a280\grip_as.png
101st_aux_mod\addons\dba_weapons\empireeraweapons\a280\grip_ca.png
101st_aux_mod\addons\dba_weapons\empireeraweapons\a280\grip_co.png
101st_aux_mod\addons\dba_weapons\empireeraweapons\a280\grip_nohq.png
101st_aux_mod\addons\dba_weapons\empireeraweapons\a280\grip_smdi.png
101st_aux_mod\addons\dba_weapons\empireeraweapons\a280scope\a280c_scope_v2.obj_shaw_s_uv_scope_basecolor.png
101st_aux_mod\addons\dba_weapons\empireeraweapons\a280scope\a280c_scope_v2.obj_shaw_s_uv_scope_height.png
101st_aux_mod\addons\dba_weapons\empireeraweapons\a280scope\a280c_scope_v2.obj_shaw_s_uv_scope_metallic.png
101st_aux_mod\addons\dba_weapons\empireeraweapons\a280scope\a280c_scope_v2.obj_shaw_s_uv_scope_normal.png
101st_aux_mod\addons\dba_weapons\empireeraweapons\a280scope\a280c_scope_v2.obj_shaw_s_uv_scope_roughness.png
101st_aux_mod\addons\dba_weapons\empireeraweapons\e11\copper_-_patina_(1)_as.png
101st_aux_mod\addons\dba_weapons\empireeraweapons\e11\copper_-_patina_(1)_ca.png
101st_aux_mod\addons\dba_weapons\empireeraweapons\e11\copper_-_patina_(1)_co.png
101st_aux_mod\addons\dba_weapons\empireeraweapons\e11\copper_-_patina_(1)_nohq.png
101st_aux_mod\addons\dba_weapons\empireeraweapons\e11\copper_-_patina_(1)_smdi.png
101st_aux_mod\addons\dba_weapons\empireeraweapons\e11d\bipod_as.png
101st_aux_mod\addons\dba_weapons\empireeraweapons\e11d\bipod_ca.png
101st_aux_mod\addons\dba_weapons\empireeraweapons\e11d\bipod_co.png
101st_aux_mod\addons\dba_weapons\empireeraweapons\e11d\bipod_nohq.png
101st_aux_mod\addons\dba_weapons\empireeraweapons\e11d\bipod_smdi.png
101st_aux_mod\addons\dba_weapons\empireeraweapons\e11d\body_as.png
101st_aux_mod\addons\dba_weapons\empireeraweapons\e11d\body_ca.png
101st_aux_mod\addons\dba_weapons\empireeraweapons\e11d\body_co.png
101st_aux_mod\addons\dba_weapons\empireeraweapons\e11d\body_nohq.png
101st_aux_mod\addons\dba_weapons\empireeraweapons\e11d\body_smdi.png
101st_aux_mod\addons\dba_weapons\empireeraweapons\e11d\grip_as.png
101st_aux_mod\addons\dba_weapons\empireeraweapons\e11d\grip_ca.png
101st_aux_mod\addons\dba_weapons\empireeraweapons\e11d\grip_co.png
101st_aux_mod\addons\dba_weapons\empireeraweapons\e11d\grip_nohq.png
101st_aux_mod\addons\dba_weapons\empireeraweapons\e11d\grip_smdi.png
101st_aux_mod\addons\dba_weapons\empireeraweapons\e11d\mag_as.png
101st_aux_mod\addons\dba_weapons\empireeraweapons\e11d\mag_ca.png
101st_aux_mod\addons\dba_weapons\empireeraweapons\e11d\mag_co.png
101st_aux_mod\addons\dba_weapons\empireeraweapons\e11d\mag_nohq.png
101st_aux_mod\addons\dba_weapons\empireeraweapons\e11d\mag_smdi.png
101st_aux_mod\addons\dba_weapons\empireeraweapons\e11scope\copper_-_patina_(1)_as.png
101st_aux_mod\addons\dba_weapons\empireeraweapons\e11scope\copper_-_patina_(1)_ca.png
101st_aux_mod\addons\dba_weapons\empireeraweapons\e11scope\copper_-_patina_(1)_co.png
101st_aux_mod\addons\dba_weapons\empireeraweapons\e11scope\copper_-_patina_(1)_nohq.png
101st_aux_mod\addons\dba_weapons\empireeraweapons\e11scope\copper_-_patina_(1)_smdi.png
101st_aux_mod\addons\dba_weapons\empireeraweapons\e11scope\imperial_reticle_a_ca.png
